G.3 step 4, lint the installed RTL

Unable to get version from "/usr/lib/x86_64-linux-gnu/ivl/ivlpp -V"
Unable to get version from "/usr/lib/x86_64-linux-gnu/ivl/ivl -V -C"/tmp/ivrlh3ba5bb3b" -C"/usr/lib/x86_64-linux-gnu/ivl/vvp.conf""
iverilog 12.0 (stable) (), yosys Yosys 0.33 (git sha1 2584903a060)


  live   ro_armc.v, ro_macro.v, ro_macro_hard_bb.v, ro_puf.v, ro_puf_core.v, tt_um_ro_puf.v

  live   10 pass, 0 fail, 0 n/a
    pass E01  the file set elaborates under iverilog -g2005             
    pass E02  no width warnings anywhere in the set                     
    pass R01  no part-select applied to a parenthesised expression      
    pass R02  the ripple counter's first stage is clocked by an ungated 
    pass R03  count_out is published from a register                    
    pass R04  the stopped-ring settle handshake is present              
    pass R05  the control bundle reaches the design through two async_re
    pass R06  every macro instance named in config.json is instantiated 
    pass R07  ena takes part in the project reset                       
    pass R08  the Arm C ring matches the Arm A ring node for node       

  the live design passes everything that applies to it.

-- selftest --
  iverilog is installed, so the selftest asserts on every check
  control       untouched live design, 10 pass, 0 n/a
  control       a matching Arm C ring passes R08
  E01+R01   planted, E01+R01 fired
  R02       planted, R02 fired
  R03       planted, R03 fired
  R04       planted, R04 fired
  R05       planted, R05 fired
  R05       planted, R05 fired
  R06       planted, R06 fired
  R07       planted, R07 fired
  R08       planted, R08 fired
  E01       planted, E01 fired
  10 faults, all isolated

-- yosys, not part of the gate --
Checking module $paramod$2bfe38ff8e6a6992b8dc2065364c7a9584307a75\ro_puf...
Checking module $paramod$41d79dc59c4d05e0bfcadb5b56e4228e11db0188\ro_puf_core...
Checking module $paramod\ro_armc\IDX=s32'00000000000000000000000000000000...
Checking module $paramod\ro_armc\IDX=s32'00000000000000000000000000000001...
Checking module $paramod\ro_armc\IDX=s32'00000000000000000000000000000010...
Checking module $paramod\ro_armc\IDX=s32'00000000000000000000000000000011...
Checking module $paramod\ro_armc\IDX=s32'00000000000000000000000000000100...
Checking module $paramod\ro_armc\IDX=s32'00000000000000000000000000000101...
Checking module $paramod\ro_armc\IDX=s32'00000000000000000000000000000110...
Checking module $paramod\ro_armc\IDX=s32'00000000000000000000000000000111...
Checking module $paramod\ro_armc\IDX=s32'00000000000000000000000000001000...
Checking module $paramod\ro_armc\IDX=s32'00000000000000000000000000001001...
Checking module $paramod\ro_armc\IDX=s32'00000000000000000000000000001010...
Checking module $paramod\ro_armc\IDX=s32'00000000000000000000000000001011...
Checking module $paramod\ro_armc\IDX=s32'00000000000000000000000000001100...
Checking module $paramod\ro_armc\IDX=s32'00000000000000000000000000001101...
Checking module $paramod\ro_armc\IDX=s32'00000000000000000000000000001110...
Checking module $paramod\ro_armc\IDX=s32'00000000000000000000000000001111...
Checking module $paramod\ro_macro\IDX=s32'00000000000000000000000000000000...
Checking module $paramod\ro_macro\IDX=s32'00000000000000000000000000000001...
Checking module $paramod\ro_macro\IDX=s32'00000000000000000000000000000010...
Checking module $paramod\ro_macro\IDX=s32'00000000000000000000000000000011...
Checking module $paramod\ro_macro\IDX=s32'00000000000000000000000000000100...
Checking module $paramod\ro_macro\IDX=s32'00000000000000000000000000000101...
Checking module $paramod\ro_macro\IDX=s32'00000000000000000000000000000110...
Checking module $paramod\ro_macro\IDX=s32'00000000000000000000000000000111...
Checking module $paramod\ro_macro\IDX=s32'00000000000000000000000000001000...
Checking module $paramod\ro_macro\IDX=s32'00000000000000000000000000001001...
Checking module $paramod\ro_macro\IDX=s32'00000000000000000000000000001010...
Checking module $paramod\ro_macro\IDX=s32'00000000000000000000000000001011...
Checking module $paramod\ro_macro\IDX=s32'00000000000000000000000000001100...
Checking module $paramod\ro_macro\IDX=s32'00000000000000000000000000001101...
Checking module $paramod\ro_macro\IDX=s32'00000000000000000000000000001110...
Checking module $paramod\ro_macro\IDX=s32'00000000000000000000000000001111...
Checking module tt_um_nikodemetrashvili20_ro_puf...
Found and reported 0 problems.
